// Jest Snapshot v1, https://jestjs.io/docs/snapshot-testing

exports[`App renders correctly 1`] = `
<RNCSafeAreaProvider
  onInsetsChange={[Function]}
  style={
    [
      {
        "flex": 1,
      },
      undefined,
    ]
  }
/>
`;
